MemTotal:       32778120 kB
MemFree:        10460136 kB
MemAvailable:   19160048 kB
Buffers:            2944 kB
Cached:          8469124 kB
SwapCached:            0 kB
Active:          2718056 kB
Inactive:       16499904 kB
Active(anon):       5468 kB
Inactive(anon): 11325488 kB
Active(file):    2712588 kB
Inactive(file):  5174416 kB
Unevictable:          32 kB
Mlocked:              32 kB
SwapTotal:             0 kB
SwapFree:              0 kB
Dirty:              2432 kB
Writeback:             0 kB
AnonPages:      10571232 kB
Mapped:          1386008 kB
Shmem:            585068 kB
KReclaimable:    1277028 kB
Slab:            1765728 kB
SReclaimable:    1277028 kB
SUnreclaim:       488700 kB
KernelStack:       34736 kB
PageTables:       180564 kB
NFS_Unstable:          0 kB
Bounce:                0 kB
WritebackTmp:          0 kB
CommitLimit:    16389060 kB
Committed_AS:   33425736 kB
VmallocTotal:   34359738367 kB
VmallocUsed:       72956 kB
VmallocChunk:          0 kB
Percpu:            50688 kB
HardwareCorrupted:     0 kB
AnonHugePages:   5007360 kB
ShmemHugePages:        0 kB
ShmemPmdMapped:        0 kB
FileHugePages:         0 kB
FilePmdMapped:         0 kB
HugePages_Total:       0
HugePages_Free:        0
HugePages_Rsvd:        0
HugePages_Surp:        0
Hugepagesize:       2048 kB
Hugetlb:               0 kB
DirectMap4k:     1108596 kB
DirectMap2M:    23963648 kB
DirectMap1G:     8388608 kB